codeally@1a1df993167e:~/project/sql_reference$ git revert HEAD
[feat/add-column-references 7e7e32e] Revert "feat: add unique reference"
 1 file changed, 1 insertion(+), 2 deletions(-)
codeally@1a1df993167e:~/project/sql_reference$ git log --oneline
7e7e32e (HEAD -> feat/add-column-references) Revert "feat: add unique reference"
7f44436 feat: add unique reference
1e3a178 feat: add foreign key reference
b0a93b6 feat: add primary key reference
2e8f5b4 feat: add rename column reference
bee4c3e feat: add drop column reference
4e3d744 feat: add column reference
87db07c (main) feat: add delete row reference
a72acea feat: add update row reference
88989a2 feat: add insert row reference
d3609d2 fix: create table syntax
0ae0bd4 feat: add drop table reference
18f0344 feat: add create table reference
684afe7 feat: add drop database reference
a5de944 feat: add create database reference
a029be1 Initial commit
codeally@1a1df993167e:~/project/sql_reference$ git show
commit 7e7e32e7ba50aab7a1c950447960478b645a610a (HEAD -> feat/add-column-references)
Author: Gabriele Ferro <gabrielluzzo@gmail.com>
Date:   Sat Feb 5 11:38:45 2022 -0500

    Revert "feat: add unique reference"
    
    This reverts commit 7f4443692a682f14c68f524c4600a67e2318e908.

diff --git a/sql_reference.json b/sql_reference.json
index 264a924..37df137 100644
--- a/sql_reference.json
+++ b/sql_reference.json
@@ -17,7 +17,6 @@
     "drop": "ALTER TABLE table_name DROP COLUMN column_name;",
     "rename": "ALTER TABLE table_name RENAME COLUMN column_name TO new_name;",
     "primary_key": "ALTER TABLE table_name ADD PRIMARY KEY(column_name);",
-    "foreign_key": "ALTER TABLE table_name ADD FOREIGN KEY(column_name) REFERENCES table_name(column_name);",
-    "unique": "ALTER TABLE table_name ADD UNIQUE(column_name);"
+    "foreign_key": "ALTER TABLE table_name ADD FOREIGN KEY(column_name) REFERENCES table_name(column_name);"
   }
 }
codeally@1a1df993167e:~/project/sql_reference$ git show HEAD~1
commit 7f4443692a682f14c68f524c4600a67e2318e908
Author: moT01 <20648924+moT01@users.noreply.github.com>
Date:   Thu Sep 9 22:53:48 2021 -0500

    feat: add unique reference

diff --git a/sql_reference.json b/sql_reference.json
index 37df137..264a924 100644
--- a/sql_reference.json
+++ b/sql_reference.json
@@ -17,6 +17,7 @@
     "drop": "ALTER TABLE table_name DROP COLUMN column_name;",
     "rename": "ALTER TABLE table_name RENAME COLUMN column_name TO new_name;",
     "primary_key": "ALTER TABLE table_name ADD PRIMARY KEY(column_name);",
-    "foreign_key": "ALTER TABLE table_name ADD FOREIGN KEY(column_name) REFERENCES table_name(column_name);"
+    "foreign_key": "ALTER TABLE table_name ADD FOREIGN KEY(column_name) REFERENCES table_name(column_name);",
+    "unique": "ALTER TABLE table_name ADD UNIQUE(column_name);"
   }
 }
codeally@1a1df993167e:~/project/sql_reference$ git rebase --interactive HEAD~2
Successfully rebased and updated refs/heads/feat/add-column-references.
codeally@1a1df993167e:~/project/sql_reference$ git log --oneline
1e3a178 (HEAD -> feat/add-column-references) feat: add foreign key reference
b0a93b6 feat: add primary key reference
2e8f5b4 feat: add rename column reference
bee4c3e feat: add drop column reference
4e3d744 feat: add column reference
87db07c (main) feat: add delete row reference
a72acea feat: add update row reference
88989a2 feat: add insert row reference
d3609d2 fix: create table syntax
0ae0bd4 feat: add drop table reference
18f0344 feat: add create table reference
684afe7 feat: add drop database reference
a5de944 feat: add create database reference
a029be1 Initial commit
codeally@1a1df993167e:~/project/sql_reference$ git rebase --interactive --root
[detached HEAD 2605244] feat: add column references
 Author: moT01 <20648924+moT01@users.noreply.github.com>
 Date: Thu Sep 9 22:04:50 2021 -0500
 1 file changed, 3 insertions(+)
Successfully rebased and updated refs/heads/feat/add-column-references.
codeally@1a1df993167e:~/project/sql_reference$ git log --oneline
85d2960 (HEAD -> feat/add-column-references) feat: add foreign key reference
e58c56a feat: add primary key reference
2ce962a feat: add rename column reference
30a28a9 feat: add drop column reference
2605244 feat: add column references
87db07c (main) feat: add delete row reference
a72acea feat: add update row reference
88989a2 feat: add insert row reference
d3609d2 fix: create table syntax
0ae0bd4 feat: add drop table reference
18f0344 feat: add create table reference
684afe7 feat: add drop database reference
a5de944 feat: add create database reference
a029be1 Initial commit
codeally@1a1df993167e:~/project/sql_reference$ git rebase main
Current branch feat/add-column-references is up to date.
codeally@1a1df993167e:~/project/sql_reference$ git log --oneline
85d2960 (HEAD -> feat/add-column-references) feat: add foreign key reference
e58c56a feat: add primary key reference
2ce962a feat: add rename column reference
30a28a9 feat: add drop column reference
2605244 feat: add column references
87db07c (main) feat: add delete row reference
a72acea feat: add update row reference
88989a2 feat: add insert row reference
d3609d2 fix: create table syntax
0ae0bd4 feat: add drop table reference
18f0344 feat: add create table reference
684afe7 feat: add drop database reference
a5de944 feat: add create database reference
a029be1 Initial commit
codeally@1a1df993167e:~/project/sql_reference$ git rebase --interactive HEAD~5
[detached HEAD f28680b] feat: add column references
 Author: moT01 <20648924+moT01@users.noreply.github.com>
 Date: Thu Sep 9 22:04:50 2021 -0500
 1 file changed, 7 insertions(+)
Successfully rebased and updated refs/heads/feat/add-column-references.
codeally@1a1df993167e:~/project/sql_reference$ git log --oneline
f28680b (HEAD -> feat/add-column-references) feat: add column references
87db07c (main) feat: add delete row reference
a72acea feat: add update row reference
88989a2 feat: add insert row reference
d3609d2 fix: create table syntax
0ae0bd4 feat: add drop table reference
18f0344 feat: add create table reference
684afe7 feat: add drop database reference
a5de944 feat: add create database reference
a029be1 Initial commit
codeally@1a1df993167e:~/project/sql_reference$ git log -1
commit f28680beb7615b86d6154671cd75115f8f4db64f (HEAD -> feat/add-column-references)
Author: moT01 <20648924+moT01@users.noreply.github.com>
Date:   Thu Sep 9 22:04:50 2021 -0500

    feat: add column references
    
    feat: add drop column reference
    
    feat: add rename column reference
    
    feat: add primary key reference
    
    feat: add foreign key reference
codeally@1a1df993167e:~/project/sql_reference$ git checkout main
Switched to branch 'main'
codeally@1a1df993167e:~/project/sql_reference$ git merge feat/add-column-references 
Updating 87db07c..f28680b
Fast-forward
 sql_reference.json | 7 +++++++
 1 file changed, 7 insertions(+)
codeally@1a1df993167e:~/project/sql_reference$ git branch -d feat/add-column-references 
Deleted branch feat/add-column-references (was f28680b).
codeally@1a1df993167e:~/project/sql_reference$ git checkout 
fix/add-missing-rename-references   HEAD                                main                                ORIG_HEAD                           
codeally@1a1df993167e:~/project/sql_reference$ git checkout fix/add-missing-rename-references 
Switched to branch 'fix/add-missing-rename-references'
codeally@1a1df993167e:~/project/sql_reference$ git rebase main
First, rewinding head to replay your work on top of it...
Applying: fix: add missing rename database reference
codeally@1a1df993167e:~/project/sql_reference$ git log -5 --oneline
0ee6fa6 (HEAD -> fix/add-missing-rename-references) fix: add missing rename database reference
f28680b (main) feat: add column references
87db07c feat: add delete row reference
a72acea feat: add update row reference
88989a2 feat: add insert row reference
codeally@1a1df993167e:~/project/sql_reference$ nano sql_reference.json 
codeally@1a1df993167e:~/project/sql_reference$ nano sql_reference.json 
codeally@1a1df993167e:~/project/sql_reference$ nano sql_reference.json 
codeally@1a1df993167e:~/project/sql_reference$ nano sql_reference.json 
codeally@1a1df993167e:~/project/sql_reference$ nano sql_reference.json 
codeally@1a1df993167e:~/project/sql_reference$ nano sql_reference.json 
codeally@1a1df993167e:~/project/sql_reference$ nano sql_reference.json 
codeally@1a1df993167e:~/project/sql_reference$ nano sql_reference.json 
codeally@1a1df993167e:~/project/sql_reference$ git diff
diff --git a/sql_reference.json b/sql_reference.json
index 21d4641..fdaf589 100644
--- a/sql_reference.json
+++ b/sql_reference.json
@@ -6,7 +6,8 @@
   },
   "table": {
     "create": "CREATE TABLE table_name();",
-    "drop": "DROP TABLE table_name;"
+    "drop": "DROP TABLE table_name;",
+    "rename": "ALTER TABLE table_name RENAME TO new_name;"
   },
   "row": {
     "insert": "INSERT INTO table_name(columns) VALUES(values);",
codeally@1a1df993167e:~/project/sql_reference$ git add .
codeally@1a1df993167e:~/project/sql_reference$ git commit -m "fix: add missing rename table reference"
[fix/add-missing-rename-references efe343a] fix: add missing rename table reference
 1 file changed, 2 insertions(+), 1 deletion(-)
codeally@1a1df993167e:~/project/sql_reference$ git log -5 --oneline
efe343a (HEAD -> fix/add-missing-rename-references) fix: add missing rename table reference
0e082fc fix: add missing rename database reference
193e3a2 (main) feat: add column references
87db07c feat: add delete row reference
a72acea feat: add update row reference
codeally@1a1df993167e:~/project/sql_reference$ git rebase --interactive HEAD~2
[detached HEAD b10a572] fix: add missing rename references
 Author: moT01 <20648924+moT01@users.noreply.github.com>
 Date: Thu Sep 9 22:47:21 2021 -0500
 1 file changed, 4 insertions(+), 2 deletions(-)
Successfully rebased and updated refs/heads/fix/add-missing-rename-references.
codeally@1a1df993167e:~/project/sql_reference$ git log -1
commit b10a57234a34eaf19083b7416174deda55d2ca0b (HEAD -> fix/add-missing-rename-references)
Author: moT01 <20648924+moT01@users.noreply.github.com>
Date:   Thu Sep 9 22:47:21 2021 -0500

    fix: add missing rename references
    
    fix: add missing rename database reference
    
    fix: add missing rename table reference
codeally@1a1df993167e:~/project/sql_reference$ git checkout main
Switched to branch 'main'
codeally@1a1df993167e:~/project/sql_reference$ git merge 
fix/add-missing-rename-references   HEAD                                main                                ORIG_HEAD                           
codeally@1a1df993167e:~/project/sql_reference$ git merge fix/add-missing-rename-references 
Updating 193e3a2..b10a572
Fast-forward
 sql_reference.json | 6 ++++--
 1 file changed, 4 insertions(+), 2 deletions(-)
codeally@1a1df993167e:~/project/sql_reference$ git branch 
  fix/add-missing-rename-references
* main
codeally@1a1df993167e:~/project/sql_reference$ git branch -d fix/add-missing-rename-references 
Deleted branch fix/add-missing-rename-references (was b10a572).
codeally@1a1df993167e:~/project/sql_reference$ git log --oneline
b10a572 (HEAD -> main) fix: add missing rename references
193e3a2 feat: add column references
87db07c feat: add delete row reference
a72acea feat: add update row reference
88989a2 feat: add insert row reference
d3609d2 fix: create table syntax
0ae0bd4 feat: add drop table reference
18f0344 feat: add create table reference
684afe7 feat: add drop database reference
a5de944 feat: add create database reference
a029be1 Initial commit
codeally@1a1df993167e:~/project/sql_reference$ git checkout -b feat/add-gitignore
Switched to a new branch 'feat/add-gitignore'
codeally@1a1df993167e:~/project/sql_reference$ touch .env
codeally@1a1df993167e:~/project/sql_reference$ nano .env 
codeally@1a1df993167e:~/project/sql_reference$ git status
On branch feat/add-gitignore
Untracked files:
  (use "git add <file>..." to include in what will be committed)
        .env

nothing added to commit but untracked files present (use "git add" to track)
codeally@1a1df993167e:~/project/sql_reference$ touch .gitignore
codeally@1a1df993167e:~/project/sql_reference$ git status
On branch feat/add-gitignore
Untracked files:
  (use "git add <file>..." to include in what will be committed)
        .env
        .gitignore

nothing added to commit but untracked files present (use "git add" to track)
codeally@1a1df993167e:~/project/sql_reference$ nano .git
codeally@1a1df993167e:~/project/sql_reference$ nano .gitignore 
codeally@1a1df993167e:~/project/sql_reference$ git status
On branch feat/add-gitignore
Untracked files:
  (use "git add <file>..." to include in what will be committed)
        .gitignore

nothing added to commit but untracked files present (use "git add" to track)
codeally@1a1df993167e:~/project/sql_reference$ git add .
codeally@1a1df993167e:~/project/sql_reference$ git commit -m "feat: add .gitignore"
[feat/add-gitignore b160c98] feat: add .gitignore
 1 file changed, 1 insertion(+)
 create mode 100644 .gitignore
codeally@1a1df993167e:~/project/sql_reference$ touch sample.env
codeally@1a1df993167e:~/project/sql_reference$ git status
On branch feat/add-gitignore
Untracked files:
  (use "git add <file>..." to include in what will be committed)
        sample.env

nothing added to commit but untracked files present (use "git add" to track)
codeally@1a1df993167e:~/project/sql_reference$ nano sample.env 
codeally@1a1df993167e:~/project/sql_reference$ git add .
codeally@1a1df993167e:~/project/sql_reference$ git commit -m "feat: add sample.env"
[feat/add-gitignore 88d5c08] feat: add sample.env
 1 file changed, 1 insertion(+)
 create mode 100644 sample.env
codeally@1a1df993167e:~/project/sql_reference$ git log -5 --oneline
88d5c08 (HEAD -> feat/add-gitignore) feat: add sample.env
b160c98 feat: add .gitignore
b10a572 (main) fix: add missing rename references
193e3a2 feat: add column references
87db07c feat: add delete row reference
codeally@1a1df993167e:~/project/sql_reference$ git rebase --interactive HEAD~2
[detached HEAD 101b6ea] feat: add .gitignore and sample.env
 Date: Sat Feb 5 12:05:38 2022 -0500
 2 files changed, 2 insertions(+)
 create mode 100644 .gitignore
 create mode 100644 sample.env
Successfully rebased and updated refs/heads/feat/add-gitignore.
codeally@1a1df993167e:~/project/sql_reference$ git log -1
commit 101b6eac7f602ebd27fb0bb1eccd565a7864f5cf (HEAD -> feat/add-gitignore)
Author: Gabriele Ferro <gabrielluzzo@gmail.com>
Date:   Sat Feb 5 12:05:38 2022 -0500

    feat: add .gitignore and sample.env
    
    feat: add .gitignore
    
    feat: add sample.env
codeally@1a1df993167e:~/project/sql_reference$ git checkout main
Switched to branch 'main'
codeally@1a1df993167e:~/project/sql_reference$ git merge 
feat/add-gitignore   HEAD                 main                 ORIG_HEAD            
codeally@1a1df993167e:~/project/sql_reference$ git merge feat/add-gitignore 
Updating b10a572..101b6ea
Fast-forward
 .gitignore | 1 +
 sample.env | 1 +
 2 files changed, 2 insertions(+)
 create mode 100644 .gitignore
 create mode 100644 sample.env
codeally@1a1df993167e:~/project/sql_reference$ git branch -d feat/add-gitignore 
Deleted branch feat/add-gitignore (was 101b6ea).
codeally@1a1df993167e:~/project/sql_reference$ git log --oneline
101b6ea (HEAD -> main) feat: add .gitignore and sample.env
b10a572 fix: add missing rename references
193e3a2 feat: add column references
87db07c feat: add delete row reference
a72acea feat: add update row reference
88989a2 feat: add insert row reference
d3609d2 fix: create table syntax
0ae0bd4 feat: add drop table reference
18f0344 feat: add create table reference
684afe7 feat: add drop database reference
a5de944 feat: add create database reference
a029be1 Initial commit
codeally@1a1df993167e:~/project/sql_reference$ git log
commit 101b6eac7f602ebd27fb0bb1eccd565a7864f5cf (HEAD -> main)
Author: Gabriele Ferro <gabrielluzzo@gmail.com>
Date:   Sat Feb 5 12:05:38 2022 -0500

    feat: add .gitignore and sample.env
    
    feat: add .gitignore
    
    feat: add sample.env

commit b10a57234a34eaf19083b7416174deda55d2ca0b
Author: moT01 <20648924+moT01@users.noreply.github.com>
Date:   Thu Sep 9 22:47:21 2021 -0500

    fix: add missing rename references
    
    fix: add missing rename database reference
    
    fix: add missing rename table reference

commit 193e3a260a3d132a5aeb82ae7303cc499842ae12
Author: moT01 <20648924+moT01@users.noreply.github.com>
Date:   Thu Sep 9 22:04:50 2021 -0500

    feat: add column references
    
    feat: add drop column reference
    
    feat: add rename column reference
    
    feat: add primary key reference
    
    feat: add foreign key reference

commit 87db07c94a4273df4de2aa89b756d605f558fc05
Author: moT01 <20648924+moT01@users.noreply.github.com>
Date:   Thu Sep 9 22:43:17 2021 -0500

    feat: add delete row reference

commit a72aceaad172418b6ac8f2e0db44c6e9bc45483e
Author: moT01 <20648924+moT01@users.noreply.github.com>
Date:   Thu Sep 9 22:32:31 2021 -0500

    feat: add update row reference

commit 88989a27ab2087f3aea1515c6f8ab4253f384a34
Author: moT01 <20648924+moT01@users.noreply.github.com>
Date:   Thu Sep 9 22:15:07 2021 -0500

    feat: add insert row reference

commit d3609d2b8047c0d7da867b65072151d8eb69484e
Author: moT01 <20648924+moT01@users.noreply.github.com>
Date:   Thu Sep 9 22:08:00 2021 -0500

    fix: create table syntax

commit 0ae0bd456114d57c6587643a47a9e3399d2ad88d
Author: moT01 <20648924+moT01@users.noreply.github.com>
Date:   Thu Sep 9 22:00:29 2021 -0500

    feat: add drop table reference

commit 18f0344599cd58dd4b0d2c54baaa6fb4a6a35523
Author: moT01 <20648924+moT01@users.noreply.github.com>
Date:   Thu Sep 9 21:55:50 2021 -0500

    feat: add create table reference

commit 684afe786ecb33e590f7dd03d9d53b6b7770684d
Author: moT01 <20648924+moT01@users.noreply.github.com>
Date:   Thu Sep 9 21:51:05 2021 -0500

    feat: add drop database reference

commit a5de9441f554604a1418a7ea46d836ea9ca09613
Author: moT01 <20648924+moT01@users.noreply.github.com>
Date:   Thu Sep 9 21:48:34 2021 -0500

    feat: add create database reference

commit a029be197bbd18f51b3ec6647391739d2928415e
Author: moT01 <20648924+moT01@users.noreply.github.com>
Date:   Thu Sep 9 21:44:23 2021 -0500

    Initial commit
